--------------------------------------------------------------------------------
Release 14.7 Trace  (nt64)
Copyright (c) 1995-2013 Xilinx, Inc.  All rights reserved.

C:\Xilinx\14.7\ISE_DS\ISE\bin\nt64\unwrapped\trce.exe -intstyle ise -v 3 -s 2
-n 3 -fastpaths -xml mux41_if.twx mux41_if.ncd -o mux41_if.twr mux41_if.pcf

Design file:              mux41_if.ncd
Physical constraint file: mux41_if.pcf
Device,package,speed:     xc6slx9,tqg144,C,-2 (PRODUCTION 1.23 2013-10-13)
Report level:             verbose report

Environment Variable      Effect 
--------------------      ------ 
NONE                      No environment variables were set
--------------------------------------------------------------------------------

INFO:Timing:2698 - No timing constraints found, doing default enumeration.
INFO:Timing:3412 - To improve timing, see the Timing Closure User Guide (UG612).
INFO:Timing:2752 - To get complete path coverage, use the unconstrained paths 
   option. All paths that are not constrained will be reported in the 
   unconstrained paths section(s) of the report.
INFO:Timing:3339 - The clock-to-out numbers in this timing report are based on 
   a 50 Ohm transmission line loading model.  For the details of this model, 
   and for more information on accounting for different loading conditions, 
   please see the device datasheet.



Data Sheet report:
-----------------
All values displayed in nanoseconds (ns)

Pad to Pad
---------------+---------------+---------+
Source Pad     |Destination Pad|  Delay  |
---------------+---------------+---------+
a<0>           |y<0>           |    8.567|
a<1>           |y<1>           |    8.215|
a<2>           |y<2>           |   10.294|
a<3>           |y<3>           |    8.378|
b<0>           |y<0>           |    8.784|
b<1>           |y<1>           |    8.831|
b<2>           |y<2>           |    9.584|
b<3>           |y<3>           |    8.181|
c<0>           |y<0>           |    9.997|
c<1>           |y<1>           |    9.827|
c<2>           |y<2>           |   11.062|
c<3>           |y<3>           |    9.736|
d<0>           |y<0>           |    8.987|
d<1>           |y<1>           |    8.740|
d<2>           |y<2>           |    9.639|
d<3>           |y<3>           |    8.955|
sel<0>         |y<0>           |    8.408|
sel<0>         |y<1>           |    8.501|
sel<0>         |y<2>           |    9.436|
sel<0>         |y<3>           |    8.424|
sel<1>         |y<0>           |    8.499|
sel<1>         |y<1>           |    8.407|
sel<1>         |y<2>           |    9.362|
sel<1>         |y<3>           |    8.220|
---------------+---------------+---------+


Analysis completed Mon Mar 29 18:49:53 2021 
--------------------------------------------------------------------------------

Trace Settings:
-------------------------
Trace Settings 

Peak Memory Usage: 230 MB



